// Jest Snapshot v1, https://goo.gl/fbAQLP

exports[`matches snapshot 1`] = `
<header
  className="header"
>
  <div
    className="header__top"
  >
    <div
      className="header__top__left-div"
    >
      <svg
        aria-hidden="true"
        className="svg-inline--fa fa-magnifying-glass header__top__search"
        data-icon="magnifying-glass"
        data-prefix="fas"
        focusable="false"
        role="img"
        style={Object {}}
        viewBox="0 0 512 512"
        xmlns="http://www.w3.org/2000/svg"
      >
        <path
          d="M500.3 443.7l-119.7-119.7c27.22-40.41 40.65-90.9 33.46-144.7C401.8 87.79 326.8 13.32 235.2 1.723C99.01-15.51-15.51 99.01 1.724 235.2c11.6 91.64 86.08 166.7 177.6 178.9c53.8 7.189 104.3-6.236 144.7-33.46l119.7 119.7c15.62 15.62 40.95 15.62 56.57 0C515.9 484.7 515.9 459.3 500.3 443.7zM79.1 208c0-70.58 57.42-128 128-128s128 57.42 128 128c0 70.58-57.42 128-128 128S79.1 278.6 79.1 208z"
          fill="currentColor"
          style={Object {}}
        />
      </svg>
      <input
        className="header__top__input"
        placeholder="Search"
        type="text"
      />
    </div>
    <div
      className="header__top__right-div"
    >
      <svg
        aria-hidden="true"
        className="svg-inline--fa fa-bell header__top__bell"
        data-icon="bell"
        data-prefix="fas"
        focusable="false"
        role="img"
        style={Object {}}
        viewBox="0 0 448 512"
        xmlns="http://www.w3.org/2000/svg"
      >
        <path
          d="M256 32V51.2C329 66.03 384 130.6 384 208V226.8C384 273.9 401.3 319.2 432.5 354.4L439.9 362.7C448.3 372.2 450.4 385.6 445.2 397.1C440 408.6 428.6 416 416 416H32C19.4 416 7.971 408.6 2.809 397.1C-2.353 385.6-.2883 372.2 8.084 362.7L15.5 354.4C46.74 319.2 64 273.9 64 226.8V208C64 130.6 118.1 66.03 192 51.2V32C192 14.33 206.3 0 224 0C241.7 0 256 14.33 256 32H256zM224 512C207 512 190.7 505.3 178.7 493.3C166.7 481.3 160 464.1 160 448H288C288 464.1 281.3 481.3 269.3 493.3C257.3 505.3 240.1 512 224 512z"
          fill="currentColor"
          style={Object {}}
        />
      </svg>
      <img
        alt=""
        className="avatar--small"
        src="cat_avatar.svg"
      />
      <h1
        className="header__top__header"
      >
        Morgan Oakley
      </h1>
    </div>
  </div>
  <div
    className="header__bottom"
  >
    <div
      className="header__bottom__left-div"
    >
      <img
        alt=""
        className="avatar--medium"
        src="cat_avatar.svg"
      />
      <p
        className="header__bottom__left-div__p"
      >
        Hi there,
        <br />
         
        <span>
          Morgan Oakley (@morgan)
        </span>
      </p>
    </div>
    <div
      className="header__bottom__right-div"
    >
      <button
        className="header__bottom__button"
        type="button"
      >
        New
      </button>
      <button
        className="header__bottom__button"
        type="button"
      >
        Upload
      </button>
      <button
        className="header__bottom__button"
        type="button"
      >
        Share
      </button>
    </div>
  </div>
</header>
`;
